
> Travel-With-Us-next@0.1.0 build
> next build

   ▲ Next.js 15.4.2

   Creating an optimized production build ...
 ✓ Compiled successfully in 4.0s
   Linting and checking validity of types ...
   Collecting page data ...
   Generating static pages (0/4) ...
   Generating static pages (1/4) 
   Generating static pages (2/4) 
   Generating static pages (3/4) 
 ✓ Generating static pages (4/4)
   Finalizing page optimization ...
   Collecting build traces ...
   Exporting (0/3) ...
 ✓ Exporting (3/3)

Route (app)                                 Size  First Load JS
┌ ○ /                                    4.68 kB         104 kB
└ ○ /_not-found                            989 B         101 kB
+ First Load JS shared by all            99.7 kB
  ├ chunks/4bd1b696-cf72ae8a39fa05aa.js  54.1 kB
  ├ chunks/964-1d8e3d2561872b55.js       43.6 kB
  └ other shared chunks (total)          1.97 kB


○  (Static)  prerendered as static content

